config_01_det1_b15_s5_h4_w50 54.73
config_02_det1_b15_s5_h4_w500 110.09
config_03_det1_b15_s5_h4_w1500 162.72
config_04_det1_b15_s5_h12_w50 54.18
config_05_det1_b15_s5_h12_w500 111.89
config_06_det1_b15_s5_h12_w1500 146.03
config_07_det1_b15_s5_h24_w50 45.84
config_08_det1_b15_s5_h24_w500 118.58
config_09_det1_b15_s5_h24_w1500 156.8
config_10_det1_b15_s20_h4_w50 51.25
config_11_det1_b15_s20_h4_w500 114.43
config_12_det1_b15_s20_h4_w1500 170.35
config_13_det1_b15_s20_h12_w50 44.53
config_14_det1_b15_s20_h12_w500 98.91
config_15_det1_b15_s20_h12_w1500 148.6
config_16_det1_b15_s20_h24_w50 42.16
config_17_det1_b15_s20_h24_w500 83.71
config_18_det1_b15_s20_h24_w1500 120.92
config_19_det1_b30_s5_h4_w50 62.88
config_20_det1_b30_s5_h4_w500 116.76
config_21_det1_b30_s5_h4_w1500 166.06
config_22_det1_b30_s5_h12_w50 66.44
config_23_det1_b30_s5_h12_w500 118.5
config_24_det1_b30_s5_h12_w1500 155.24
config_25_det1_b30_s5_h24_w50 59.17
config_26_det1_b30_s5_h24_w500 130.2
config_27_det1_b30_s5_h24_w1500 170.83
config_28_det1_b30_s20_h4_w50 58.16
config_29_det1_b30_s20_h4_w500 119.24
config_30_det1_b30_s20_h4_w1500 187.86
config_31_det1_b30_s20_h12_w50 54.65
config_32_det1_b30_s20_h12_w500 108.42
config_33_det1_b30_s20_h12_w1500 156.85
config_34_det1_b30_s20_h24_w50 53.77
config_35_det1_b30_s20_h24_w500 93.89
config_36_det1_b30_s20_h24_w1500 144.73
config_37_det2_b15_s5_h4_w50 56.33
config_38_det2_b15_s5_h4_w500 104.15
config_39_det2_b15_s5_h4_w1500 156.49
config_40_det2_b15_s5_h12_w50 62.39
config_41_det2_b15_s5_h12_w500 110.72
config_42_det2_b15_s5_h12_w1500 164.1
config_43_det2_b15_s5_h24_w50 51.84
config_44_det2_b15_s5_h24_w500 126.28
config_45_det2_b15_s5_h24_w1500 166.12
config_46_det2_b15_s20_h4_w50 58.43
config_47_det2_b15_s20_h4_w500 113.69
config_48_det2_b15_s20_h4_w1500 177.45
config_49_det2_b15_s20_h12_w50 47.83
config_50_det2_b15_s20_h12_w500 106.32
config_51_det2_b15_s20_h12_w1500 161.74
config_52_det2_b15_s20_h24_w50 47.83
config_53_det2_b15_s20_h24_w500 86.07
config_54_det2_b15_s20_h24_w1500 128.55
config_55_det2_b30_s5_h4_w50 70.98
config_56_det2_b30_s5_h4_w500 112.85
config_57_det2_b30_s5_h4_w1500 153.99
config_58_det2_b30_s5_h12_w50 75.79
config_59_det2_b30_s5_h12_w500 116.13
config_60_det2_b30_s5_h12_w1500 165.13
config_61_det2_b30_s5_h24_w50 70.04
config_62_det2_b30_s5_h24_w500 138.82
config_63_det2_b30_s5_h24_w1500 180.43
config_64_det2_b30_s20_h4_w50 60.38
config_65_det2_b30_s20_h4_w500 129.15
config_66_det2_b30_s20_h4_w1500 182.49
config_67_det2_b30_s20_h12_w50 53.46
config_68_det2_b30_s20_h12_w500 110.83
config_69_det2_b30_s20_h12_w1500 168.98
config_70_det2_b30_s20_h24_w50 53.35
config_71_det2_b30_s20_h24_w500 101.23
config_72_det2_b30_s20_h24_w1500 167.67
config_73_det1_b10_s8_h10_w250 88.08
config_74_det1_b10_s8_h10_w1000 128.64
config_75_det1_b10_s8_h15_w250 83.79
config_76_det1_b10_s8_h15_w1000 127.54
config_77_det1_b10_s12_h10_w250 82.04
config_78_det1_b10_s12_h10_w1000 130.17
config_79_det1_b10_s12_h15_w250 69.26
config_80_det1_b10_s12_h15_w1000 123.96
config_81_det2_b10_s8_h10_w250 92.13
config_82_det2_b10_s8_h10_w1000 123.56
config_83_det2_b10_s8_h15_w250 86.33
config_84_det2_b10_s8_h15_w1000 126.63
config_85_det2_b10_s12_h10_w250 94.55
config_86_det2_b10_s12_h10_w1000 137.46
config_87_det2_b10_s12_h15_w250 73.81
config_88_det2_b10_s12_h15_w1000 133.11
config_89_det1_b10_s5_h15_w250 95.25
config_90_det1_b10_s5_h15_w1000 124.35
config_91_det1_b10_s5_h24_w250 84.98
config_92_det1_b10_s5_h24_w1000 130.49
config_93_det2_b10_s5_h15_w250 97.5
config_94_det2_b10_s5_h15_w1000 132.43
config_95_det2_b10_s5_h24_w250 92.01
config_96_det2_b10_s5_h24_w1000 146.46
hard check max|d| 1.4210854715202004e-14
ratio_soft median 1.4026 p90 1.6418 min 1.1939 max 2.0485
ratio_hard median 1.5520 p90 1.8614 min 1.2144 max 2.3316
Z_floor median 14.1722 p90 16.3303 min 10.5471 max 20.5728
Z_conv median 9.9073 p90 11.9150 min 7.5132 max 14.6954
R_floor >= R_conv(soft): 96 / 96
